// Jest Snapshot v1, https://jestjs.io/docs/snapshot-testing

exports[`[DEV] Snapshot test for WorkloadStack 1`] = `
{
  "Mappings": {
    "AWSCloudFrontPartitionHostedZoneIdMap": {
      "aws": {
        "zoneId": "Z2FDTNDATAQYW2",
      },
      "aws-cn": {
        "zoneId": "Z3RFFRIM2A3IF5",
      },
    },
  },
  "Resources": {
    "AWS679f53fac002430cb0da5b7982bd22872D164C4C": {
      "DependsOn": [
        "AWS679f53fac002430cb0da5b7982bd2287ServiceRoleC1EA0FF2",
      ],
      "Properties": {
        "Code": Any<Object>,
        "Handler": "index.handler",
        "Role": {
          "Fn::GetAtt": [
            "AWS679f53fac002430cb0da5b7982bd2287ServiceRoleC1EA0FF2",
            "Arn",
          ],
        },
        "Runtime": "nodejs22.x",
        "Timeout": 120,
      },
      "Type": "AWS::Lambda::Function",
    },
    "AWS679f53fac002430cb0da5b7982bd2287ServiceRoleC1EA0FF2": {
      "Properties": {
        "AssumeRolePolicyDocument": {
          "Statement": [
            {
              "Action": "sts:AssumeRole",
              "Effect": "Allow",
              "Principal": {
                "Service": "lambda.amazonaws.com",
              },
            },
          ],
          "Version": "2012-10-17",
        },
        "ManagedPolicyArns": [
          {
            "Fn::Join": [
              "",
              [
                "arn:",
                {
                  "Ref": "AWS::Partition",
                },
                ":iam::aws:policy/service-role/AWSLambdaBasicExecutionRole",
              ],
            ],
          },
        ],
      },
      "Type": "AWS::IAM::Role",
    },
    "AppTargetGroup3D716DB6": {
      "Properties": {
        "Port": 80,
        "Protocol": "HTTP",
        "TargetGroupAttributes": [
          {
            "Key": "deregistration_delay.timeout_seconds",
            "Value": "10",
          },
          {
            "Key": "stickiness.enabled",
            "Value": "false",
          },
        ],
        "TargetType": "ip",
        "VpcId": {
          "Ref": "Vpc8378EB38",
        },
      },
      "Type": "AWS::ElasticLoadBalancingV2::TargetGroup",
    },
    "AuthlessAppRecord8DD231C1": {
      "Properties": {
        "AliasTarget": {
          "DNSName": {
            "Fn::Join": [
              "",
              [
                "dualstack.",
                {
                  "Fn::GetAtt": [
                    "PublicAlb84330974",
                    "DNSName",
                  ],
                },
              ],
            ],
          },
          "HostedZoneId": {
            "Fn::GetAtt": [
              "PublicAlb84330974",
              "CanonicalHostedZoneID",
            ],
          },
        },
        "HostedZoneId": "DUMMY",
        "Name": "app.demosfelipetrindade.lat.",
        "Type": "A",
      },
      "Type": "AWS::Route53::RecordSet",
    },
    "AuthlessAppTaskDefinitionE0919B74": {
      "Properties": {
        "ContainerDefinitions": [
          {
            "Essential": true,
            "Image": Any<Object>,
            "LogConfiguration": {
              "LogDriver": "awslogs",
              "Options": {
                "awslogs-group": {
                  "Ref": "AuthlessAppTaskDefinitionnginxLogGroupF3B5CF81",
                },
                "awslogs-region": "us-east-1",
                "awslogs-stream-prefix": "nginx",
              },
            },
            "Name": "nginx",
            "PortMappings": [
              {
                "ContainerPort": 80,
                "Protocol": "tcp",
              },
            ],
          },
        ],
        "Cpu": "512",
        "ExecutionRoleArn": {
          "Fn::GetAtt": [
            "AuthlessAppTaskDefinitionExecutionRole5FD25FB5",
            "Arn",
          ],
        },
        "Family": "WorkloadTestStackAuthlessAppTaskDefinition2B08EC4D",
        "Memory": "1024",
        "NetworkMode": "awsvpc",
        "RequiresCompatibilities": [
          "FARGATE",
        ],
        "TaskRoleArn": {
          "Fn::GetAtt": [
            "AuthlessAppTaskDefinitionTaskRole9249C877",
            "Arn",
          ],
        },
      },
      "Type": "AWS::ECS::TaskDefinition",
    },
    "AuthlessAppTaskDefinitionExecutionRole5FD25FB5": {
      "Properties": {
        "AssumeRolePolicyDocument": {
          "Statement": [
            {
              "Action": "sts:AssumeRole",
              "Effect": "Allow",
              "Principal": {
                "Service": "ecs-tasks.amazonaws.com",
              },
            },
          ],
          "Version": "2012-10-17",
        },
        "ManagedPolicyArns": [
          {
            "Fn::Join": [
              "",
              [
                "arn:",
                {
                  "Ref": "AWS::Partition",
                },
                ":iam::aws:policy/service-role/AmazonECSTaskExecutionRolePolicy",
              ],
            ],
          },
        ],
      },
      "Type": "AWS::IAM::Role",
    },
    "AuthlessAppTaskDefinitionExecutionRoleDefaultPolicy95F5CC76": {
      "Properties": {
        "PolicyDocument": {
          "Statement": [
            {
              "Action": [
                "logs:CreateLogStream",
                "logs:PutLogEvents",
              ],
              "Effect": "Allow",
              "Resource": {
                "Fn::GetAtt": [
                  "AuthlessAppTaskDefinitionnginxLogGroupF3B5CF81",
                  "Arn",
                ],
              },
            },
          ],
          "Version": "2012-10-17",
        },
        "PolicyName": "AuthlessAppTaskDefinitionExecutionRoleDefaultPolicy95F5CC76",
        "Roles": [
          {
            "Ref": "AuthlessAppTaskDefinitionExecutionRole5FD25FB5",
          },
        ],
      },
      "Type": "AWS::IAM::Policy",
    },
    "AuthlessAppTaskDefinitionTaskRole9249C877": {
      "Properties": {
        "AssumeRolePolicyDocument": {
          "Statement": [
            {
              "Action": "sts:AssumeRole",
              "Effect": "Allow",
              "Principal": {
                "Service": "ecs-tasks.amazonaws.com",
              },
            },
          ],
          "Version": "2012-10-17",
        },
      },
      "Type": "AWS::IAM::Role",
    },
    "AuthlessAppTaskDefinitionnginxLogGroupF3B5CF81": {
      "DeletionPolicy": "Retain",
      "Type": "AWS::Logs::LogGroup",
      "UpdateReplacePolicy": "Retain",
    },
    "AuthlessFargateService5FFD6D8F": {
      "DependsOn": [
        "AuthlessAppTaskDefinitionTaskRole9249C877",
        "PublicAlbHttpsListenerAppRuleRuleEE3C13C0",
      ],
      "Properties": {
        "Cluster": {
          "Ref": "EcsCluster97242B84",
        },
        "DeploymentConfiguration": {
          "Alarms": {
            "AlarmNames": [],
            "Enable": false,
            "Rollback": false,
          },
          "MaximumPercent": 200,
          "MinimumHealthyPercent": 50,
        },
        "DesiredCount": 1,
        "EnableECSManagedTags": false,
        "HealthCheckGracePeriodSeconds": 60,
        "LaunchType": "FARGATE",
        "LoadBalancers": [
          {
            "ContainerName": "nginx",
            "ContainerPort": 80,
            "TargetGroupArn": {
              "Ref": "AppTargetGroup3D716DB6",
            },
          },
        ],
        "NetworkConfiguration": {
          "AwsvpcConfiguration": {
            "AssignPublicIp": "DISABLED",
            "SecurityGroups": [
              {
                "Fn::GetAtt": [
                  "AuthlessFargateServiceSecurityGroup398EBDA9",
                  "GroupId",
                ],
              },
            ],
            "Subnets": [
              {
                "Ref": "VpcprivateSubnet1SubnetCEAD3716",
              },
              {
                "Ref": "VpcprivateSubnet2Subnet2DE7549C",
              },
            ],
          },
        },
        "TaskDefinition": {
          "Ref": "AuthlessAppTaskDefinitionE0919B74",
        },
      },
      "Type": "AWS::ECS::Service",
    },
    "AuthlessFargateServiceSecurityGroup398EBDA9": {
      "DependsOn": [
        "AuthlessAppTaskDefinitionTaskRole9249C877",
      ],
      "Properties": {
        "GroupDescription": "WorkloadTestStack/AuthlessFargateService/SecurityGroup",
        "SecurityGroupEgress": [
          {
            "CidrIp": "0.0.0.0/0",
            "Description": "Allow all outbound traffic by default",
            "IpProtocol": "-1",
          },
        ],
        "VpcId": {
          "Ref": "Vpc8378EB38",
        },
      },
      "Type": "AWS::EC2::SecurityGroup",
    },
    "AuthlessFargateServiceSecurityGroupfromWorkloadTestStackPublicAlbSecurityGroupFD67A926804F6B36F4": {
      "DependsOn": [
        "AuthlessAppTaskDefinitionTaskRole9249C877",
      ],
      "Properties": {
        "Description": "Load balancer to target",
        "FromPort": 80,
        "GroupId": {
          "Fn::GetAtt": [
            "AuthlessFargateServiceSecurityGroup398EBDA9",
            "GroupId",
          ],
        },
        "IpProtocol": "tcp",
        "SourceSecurityGroupId": {
          "Fn::GetAtt": [
            "PublicAlbSecurityGroup66576C5F",
            "GroupId",
          ],
        },
        "ToPort": 80,
      },
      "Type": "AWS::EC2::SecurityGroupIngress",
    },
    "CognitoAuthAliasRecord6E72C42D": {
      "Properties": {
        "AliasTarget": {
          "DNSName": {
            "Fn::GetAtt": [
              "CognitoAuthUserPoolDomainCloudFrontDomainName418E469E",
              "DomainDescription.CloudFrontDistribution",
            ],
          },
          "HostedZoneId": {
            "Fn::FindInMap": [
              "AWSCloudFrontPartitionHostedZoneIdMap",
              {
                "Ref": "AWS::Partition",
              },
              "zoneId",
            ],
          },
        },
        "HostedZoneId": "DUMMY",
        "Name": "auth.demosfelipetrindade.lat.",
        "Type": "A",
      },
      "Type": "AWS::Route53::RecordSet",
    },
    "CognitoAuthClientDF50989C": {
      "Properties": {
        "AllowedOAuthFlows": [
          "implicit",
          "code",
        ],
        "AllowedOAuthFlowsUserPoolClient": true,
        "AllowedOAuthScopes": [
          "openid",
        ],
        "CallbackURLs": [
          "https://app.demosfelipetrindade.lat/oauth2/idpresponse",
          "https://app.demosfelipetrindade.lat",
        ],
        "GenerateSecret": true,
        "LogoutURLs": [
          "https://app.demosfelipetrindade.lat",
        ],
        "SupportedIdentityProviders": [
          "COGNITO",
        ],
        "UserPoolId": {
          "Ref": "CognitoAuthUserPool67837014",
        },
      },
      "Type": "AWS::Cognito::UserPoolClient",
    },
    "CognitoAuthDummyARecord44621C2F": {
      "Properties": {
        "HostedZoneId": "DUMMY",
        "Name": "demosfelipetrindade.lat.",
        "ResourceRecords": [
          "8.8.8.8",
        ],
        "TTL": "1800",
        "Type": "A",
      },
      "Type": "AWS::Route53::RecordSet",
    },
    "CognitoAuthUserPool67837014": {
      "DeletionPolicy": "Delete",
      "DependsOn": [
        "CognitoAuthDummyARecord44621C2F",
      ],
      "Properties": {
        "AccountRecoverySetting": {
          "RecoveryMechanisms": [
            {
              "Name": "verified_phone_number",
              "Priority": 1,
            },
            {
              "Name": "verified_email",
              "Priority": 2,
            },
          ],
        },
        "AdminCreateUserConfig": {
          "AllowAdminCreateUserOnly": true,
        },
        "AutoVerifiedAttributes": [
          "email",
        ],
        "EmailVerificationMessage": "The verification code to your new account is {####}",
        "EmailVerificationSubject": "Verify your new account",
        "Policies": {
          "PasswordPolicy": {
            "MinimumLength": 8,
            "RequireLowercase": true,
            "RequireNumbers": true,
            "RequireSymbols": false,
            "RequireUppercase": true,
          },
        },
        "SmsVerificationMessage": "The verification code to your new account is {####}",
        "UsernameAttributes": [
          "email",
        ],
        "VerificationMessageTemplate": {
          "DefaultEmailOption": "CONFIRM_WITH_CODE",
          "EmailMessage": "The verification code to your new account is {####}",
          "EmailSubject": "Verify your new account",
          "SmsMessage": "The verification code to your new account is {####}",
        },
      },
      "Type": "AWS::Cognito::UserPool",
      "UpdateReplacePolicy": "Delete",
    },
    "CognitoAuthUserPoolDomain0DE3225A": {
      "DependsOn": [
        "CognitoAuthDummyARecord44621C2F",
      ],
      "Properties": {
        "CustomDomainConfig": {
          "CertificateArn": {
            "Ref": "WildcardCertificate25A2E830",
          },
        },
        "Domain": "auth.demosfelipetrindade.lat",
        "ManagedLoginVersion": 1,
        "UserPoolId": {
          "Ref": "CognitoAuthUserPool67837014",
        },
      },
      "Type": "AWS::Cognito::UserPoolDomain",
    },
    "CognitoAuthUserPoolDomainCloudFrontDomainName418E469E": {
      "DeletionPolicy": "Delete",
      "DependsOn": [
        "CognitoAuthDummyARecord44621C2F",
        "CognitoAuthUserPoolDomainCloudFrontDomainNameCustomResourcePolicyFF229C77",
      ],
      "Properties": {
        "Create": {
          "Fn::Join": [
            "",
            [
              "{"service":"CognitoIdentityServiceProvider","action":"describeUserPoolDomain","parameters":{"Domain":"",
              {
                "Ref": "CognitoAuthUserPoolDomain0DE3225A",
              },
              ""},"physicalResourceId":{"id":"",
              {
                "Ref": "CognitoAuthUserPoolDomain0DE3225A",
              },
              ""}}",
            ],
          ],
        },
        "InstallLatestAwsSdk": false,
        "ServiceToken": {
          "Fn::GetAtt": [
            "AWS679f53fac002430cb0da5b7982bd22872D164C4C",
            "Arn",
          ],
        },
        "Update": {
          "Fn::Join": [
            "",
            [
              "{"service":"CognitoIdentityServiceProvider","action":"describeUserPoolDomain","parameters":{"Domain":"",
              {
                "Ref": "CognitoAuthUserPoolDomain0DE3225A",
              },
              ""},"physicalResourceId":{"id":"",
              {
                "Ref": "CognitoAuthUserPoolDomain0DE3225A",
              },
              ""}}",
            ],
          ],
        },
      },
      "Type": "Custom::UserPoolCloudFrontDomainName",
      "UpdateReplacePolicy": "Delete",
    },
    "CognitoAuthUserPoolDomainCloudFrontDomainNameCustomResourcePolicyFF229C77": {
      "DependsOn": [
        "CognitoAuthDummyARecord44621C2F",
      ],
      "Properties": {
        "PolicyDocument": {
          "Statement": [
            {
              "Action": "cognito-idp:DescribeUserPoolDomain",
              "Effect": "Allow",
              "Resource": "*",
            },
          ],
          "Version": "2012-10-17",
        },
        "PolicyName": "CognitoAuthUserPoolDomainCloudFrontDomainNameCustomResourcePolicyFF229C77",
        "Roles": [
          {
            "Ref": "AWS679f53fac002430cb0da5b7982bd2287ServiceRoleC1EA0FF2",
          },
        ],
      },
      "Type": "AWS::IAM::Policy",
    },
    "EcsCluster72B17558": {
      "Properties": {
        "CapacityProviders": [
          "FARGATE",
          "FARGATE_SPOT",
        ],
        "Cluster": {
          "Ref": "EcsCluster97242B84",
        },
        "DefaultCapacityProviderStrategy": [],
      },
      "Type": "AWS::ECS::ClusterCapacityProviderAssociations",
    },
    "EcsCluster97242B84": {
      "Type": "AWS::ECS::Cluster",
    },
    "PublicAlb84330974": {
      "DependsOn": [
        "VpcpublicSubnet1DefaultRouteB88F9E93",
        "VpcpublicSubnet1RouteTableAssociation4E83B6E4",
        "VpcpublicSubnet2DefaultRoute732F0BEB",
        "VpcpublicSubnet2RouteTableAssociationCCE257FF",
      ],
      "Properties": {
        "LoadBalancerAttributes": [
          {
            "Key": "deletion_protection.enabled",
            "Value": "false",
          },
        ],
        "Scheme": "internet-facing",
        "SecurityGroups": [
          {
            "Fn::GetAtt": [
              "PublicAlbSecurityGroup66576C5F",
              "GroupId",
            ],
          },
        ],
        "Subnets": [
          {
            "Ref": "VpcpublicSubnet1Subnet2BB74ED7",
          },
          {
            "Ref": "VpcpublicSubnet2SubnetE34B022A",
          },
        ],
        "Type": "application",
      },
      "Type": "AWS::ElasticLoadBalancingV2::LoadBalancer",
    },
    "PublicAlbHttpsListenerAppRuleRuleEE3C13C0": {
      "Properties": {
        "Actions": [
          {
            "AuthenticateCognitoConfig": {
              "UserPoolArn": {
                "Fn::GetAtt": [
                  "CognitoAuthUserPool67837014",
                  "Arn",
                ],
              },
              "UserPoolClientId": {
                "Ref": "CognitoAuthClientDF50989C",
              },
              "UserPoolDomain": {
                "Ref": "CognitoAuthUserPoolDomain0DE3225A",
              },
            },
            "Order": 1,
            "Type": "authenticate-cognito",
          },
          {
            "Order": 2,
            "TargetGroupArn": {
              "Ref": "AppTargetGroup3D716DB6",
            },
            "Type": "forward",
          },
        ],
        "Conditions": [
          {
            "Field": "host-header",
            "HostHeaderConfig": {
              "Values": [
                "app.demosfelipetrindade.lat",
              ],
            },
          },
        ],
        "ListenerArn": {
          "Ref": "PublicAlbHttpsListenerE9E59F14",
        },
        "Priority": 1,
      },
      "Type": "AWS::ElasticLoadBalancingV2::ListenerRule",
    },
    "PublicAlbHttpsListenerE9E59F14": {
      "Properties": {
        "Certificates": [
          {
            "CertificateArn": {
              "Ref": "WildcardCertificate25A2E830",
            },
          },
        ],
        "DefaultActions": [
          {
            "FixedResponseConfig": {
              "MessageBody": "No services configured",
              "StatusCode": "404",
            },
            "Type": "fixed-response",
          },
        ],
        "LoadBalancerArn": {
          "Ref": "PublicAlb84330974",
        },
        "Port": 443,
        "Protocol": "HTTPS",
        "SslPolicy": "ELBSecurityPolicy-TLS13-1-2-2021-06",
      },
      "Type": "AWS::ElasticLoadBalancingV2::Listener",
    },
    "PublicAlbRedirect80To443AFFBE3E1": {
      "Properties": {
        "DefaultActions": [
          {
            "RedirectConfig": {
              "Port": "443",
              "Protocol": "HTTPS",
              "StatusCode": "HTTP_301",
            },
            "Type": "redirect",
          },
        ],
        "LoadBalancerArn": {
          "Ref": "PublicAlb84330974",
        },
        "Port": 80,
        "Protocol": "HTTP",
      },
      "Type": "AWS::ElasticLoadBalancingV2::Listener",
    },
    "PublicAlbSecurityGroup66576C5F": {
      "Properties": {
        "GroupDescription": "Automatically created Security Group for ELB WorkloadTestStackPublicAlb0DF7AA67",
        "SecurityGroupEgress": [
          {
            "CidrIp": "0.0.0.0/0",
            "Description": "Allow to IdP endpoint",
            "FromPort": 443,
            "IpProtocol": "tcp",
            "ToPort": 443,
          },
        ],
        "SecurityGroupIngress": [
          {
            "CidrIp": "0.0.0.0/0",
            "Description": "Allow from anyone on port 80",
            "FromPort": 80,
            "IpProtocol": "tcp",
            "ToPort": 80,
          },
          {
            "CidrIp": "0.0.0.0/0",
            "Description": "Allow from anyone on port 443",
            "FromPort": 443,
            "IpProtocol": "tcp",
            "ToPort": 443,
          },
        ],
        "VpcId": {
          "Ref": "Vpc8378EB38",
        },
      },
      "Type": "AWS::EC2::SecurityGroup",
    },
    "PublicAlbSecurityGrouptoWorkloadTestStackAuthlessFargateServiceSecurityGroupFBB534B1802F674999": {
      "Properties": {
        "Description": "Load balancer to target",
        "DestinationSecurityGroupId": {
          "Fn::GetAtt": [
            "AuthlessFargateServiceSecurityGroup398EBDA9",
            "GroupId",
          ],
        },
        "FromPort": 80,
        "GroupId": {
          "Fn::GetAtt": [
            "PublicAlbSecurityGroup66576C5F",
            "GroupId",
          ],
        },
        "IpProtocol": "tcp",
        "ToPort": 80,
      },
      "Type": "AWS::EC2::SecurityGroupEgress",
    },
    "Vpc8378EB38": {
      "Properties": {
        "CidrBlock": "10.0.0.0/16",
        "EnableDnsHostnames": true,
        "EnableDnsSupport": true,
        "InstanceTenancy": "default",
        "Tags": [
          {
            "Key": "Name",
            "Value": "WorkloadTestStack/Vpc",
          },
        ],
      },
      "Type": "AWS::EC2::VPC",
    },
    "VpcIGWD7BA715C": {
      "Properties": {
        "Tags": [
          {
            "Key": "Name",
            "Value": "WorkloadTestStack/Vpc",
          },
        ],
      },
      "Type": "AWS::EC2::InternetGateway",
    },
    "VpcVPCGWBF912B6E": {
      "Properties": {
        "InternetGatewayId": {
          "Ref": "VpcIGWD7BA715C",
        },
        "VpcId": {
          "Ref": "Vpc8378EB38",
        },
      },
      "Type": "AWS::EC2::VPCGatewayAttachment",
    },
    "VpcisolatedSubnet1RouteTableAssociationD259E31A": {
      "Properties": {
        "RouteTableId": {
          "Ref": "VpcisolatedSubnet1RouteTableE442650B",
        },
        "SubnetId": {
          "Ref": "VpcisolatedSubnet1SubnetE62B1B9B",
        },
      },
      "Type": "AWS::EC2::SubnetRouteTableAssociation",
    },
    "VpcisolatedSubnet1RouteTableE442650B": {
      "Properties": {
        "Tags": [
          {
            "Key": "Name",
            "Value": "WorkloadTestStack/Vpc/isolatedSubnet1",
          },
        ],
        "VpcId": {
          "Ref": "Vpc8378EB38",
        },
      },
      "Type": "AWS::EC2::RouteTable",
    },
    "VpcisolatedSubnet1SubnetE62B1B9B": {
      "Properties": {
        "AvailabilityZone": "dummy1a",
        "CidrBlock": "10.0.4.0/28",
        "MapPublicIpOnLaunch": false,
        "Tags": [
          {
            "Key": "aws-cdk:subnet-name",
            "Value": "isolated",
          },
          {
            "Key": "aws-cdk:subnet-type",
            "Value": "Isolated",
          },
          {
            "Key": "Name",
            "Value": "WorkloadTestStack/Vpc/isolatedSubnet1",
          },
        ],
        "VpcId": {
          "Ref": "Vpc8378EB38",
        },
      },
      "Type": "AWS::EC2::Subnet",
    },
    "VpcisolatedSubnet2RouteTable334F9764": {
      "Properties": {
        "Tags": [
          {
            "Key": "Name",
            "Value": "WorkloadTestStack/Vpc/isolatedSubnet2",
          },
        ],
        "VpcId": {
          "Ref": "Vpc8378EB38",
        },
      },
      "Type": "AWS::EC2::RouteTable",
    },
    "VpcisolatedSubnet2RouteTableAssociation25A4716F": {
      "Properties": {
        "RouteTableId": {
          "Ref": "VpcisolatedSubnet2RouteTable334F9764",
        },
        "SubnetId": {
          "Ref": "VpcisolatedSubnet2Subnet39217055",
        },
      },
      "Type": "AWS::EC2::SubnetRouteTableAssociation",
    },
    "VpcisolatedSubnet2Subnet39217055": {
      "Properties": {
        "AvailabilityZone": "dummy1b",
        "CidrBlock": "10.0.4.16/28",
        "MapPublicIpOnLaunch": false,
        "Tags": [
          {
            "Key": "aws-cdk:subnet-name",
            "Value": "isolated",
          },
          {
            "Key": "aws-cdk:subnet-type",
            "Value": "Isolated",
          },
          {
            "Key": "Name",
            "Value": "WorkloadTestStack/Vpc/isolatedSubnet2",
          },
        ],
        "VpcId": {
          "Ref": "Vpc8378EB38",
        },
      },
      "Type": "AWS::EC2::Subnet",
    },
    "VpcprivateSubnet1DefaultRouteB506891A": {
      "Properties": {
        "DestinationCidrBlock": "0.0.0.0/0",
        "NatGatewayId": {
          "Ref": "VpcpublicSubnet1NATGatewayA036E8A6",
        },
        "RouteTableId": {
          "Ref": "VpcprivateSubnet1RouteTable1979EACB",
        },
      },
      "Type": "AWS::EC2::Route",
    },
    "VpcprivateSubnet1RouteTable1979EACB": {
      "Properties": {
        "Tags": [
          {
            "Key": "Name",
            "Value": "WorkloadTestStack/Vpc/privateSubnet1",
          },
        ],
        "VpcId": {
          "Ref": "Vpc8378EB38",
        },
      },
      "Type": "AWS::EC2::RouteTable",
    },
    "VpcprivateSubnet1RouteTableAssociationEEBD93CE": {
      "Properties": {
        "RouteTableId": {
          "Ref": "VpcprivateSubnet1RouteTable1979EACB",
        },
        "SubnetId": {
          "Ref": "VpcprivateSubnet1SubnetCEAD3716",
        },
      },
      "Type": "AWS::EC2::SubnetRouteTableAssociation",
    },
    "VpcprivateSubnet1SubnetCEAD3716": {
      "Properties": {
        "AvailabilityZone": "dummy1a",
        "CidrBlock": "10.0.2.0/24",
        "MapPublicIpOnLaunch": false,
        "Tags": [
          {
            "Key": "aws-cdk:subnet-name",
            "Value": "private",
          },
          {
            "Key": "aws-cdk:subnet-type",
            "Value": "Private",
          },
          {
            "Key": "Name",
            "Value": "WorkloadTestStack/Vpc/privateSubnet1",
          },
        ],
        "VpcId": {
          "Ref": "Vpc8378EB38",
        },
      },
      "Type": "AWS::EC2::Subnet",
    },
    "VpcprivateSubnet2DefaultRouteBAC3C1C3": {
      "Properties": {
        "DestinationCidrBlock": "0.0.0.0/0",
        "NatGatewayId": {
          "Ref": "VpcpublicSubnet1NATGatewayA036E8A6",
        },
        "RouteTableId": {
          "Ref": "VpcprivateSubnet2RouteTable4D0FFC8C",
        },
      },
      "Type": "AWS::EC2::Route",
    },
    "VpcprivateSubnet2RouteTable4D0FFC8C": {
      "Properties": {
        "Tags": [
          {
            "Key": "Name",
            "Value": "WorkloadTestStack/Vpc/privateSubnet2",
          },
        ],
        "VpcId": {
          "Ref": "Vpc8378EB38",
        },
      },
      "Type": "AWS::EC2::RouteTable",
    },
    "VpcprivateSubnet2RouteTableAssociationB691E645": {
      "Properties": {
        "RouteTableId": {
          "Ref": "VpcprivateSubnet2RouteTable4D0FFC8C",
        },
        "SubnetId": {
          "Ref": "VpcprivateSubnet2Subnet2DE7549C",
        },
      },
      "Type": "AWS::EC2::SubnetRouteTableAssociation",
    },
    "VpcprivateSubnet2Subnet2DE7549C": {
      "Properties": {
        "AvailabilityZone": "dummy1b",
        "CidrBlock": "10.0.3.0/24",
        "MapPublicIpOnLaunch": false,
        "Tags": [
          {
            "Key": "aws-cdk:subnet-name",
            "Value": "private",
          },
          {
            "Key": "aws-cdk:subnet-type",
            "Value": "Private",
          },
          {
            "Key": "Name",
            "Value": "WorkloadTestStack/Vpc/privateSubnet2",
          },
        ],
        "VpcId": {
          "Ref": "Vpc8378EB38",
        },
      },
      "Type": "AWS::EC2::Subnet",
    },
    "VpcpublicSubnet1DefaultRouteB88F9E93": {
      "DependsOn": [
        "VpcVPCGWBF912B6E",
      ],
      "Properties": {
        "DestinationCidrBlock": "0.0.0.0/0",
        "GatewayId": {
          "Ref": "VpcIGWD7BA715C",
        },
        "RouteTableId": {
          "Ref": "VpcpublicSubnet1RouteTable15C15F8E",
        },
      },
      "Type": "AWS::EC2::Route",
    },
    "VpcpublicSubnet1EIP411541E6": {
      "Properties": {
        "Domain": "vpc",
        "Tags": [
          {
            "Key": "Name",
            "Value": "WorkloadTestStack/Vpc/publicSubnet1",
          },
        ],
      },
      "Type": "AWS::EC2::EIP",
    },
    "VpcpublicSubnet1NATGatewayA036E8A6": {
      "DependsOn": [
        "VpcpublicSubnet1DefaultRouteB88F9E93",
        "VpcpublicSubnet1RouteTableAssociation4E83B6E4",
      ],
      "Properties": {
        "AllocationId": {
          "Fn::GetAtt": [
            "VpcpublicSubnet1EIP411541E6",
            "AllocationId",
          ],
        },
        "SubnetId": {
          "Ref": "VpcpublicSubnet1Subnet2BB74ED7",
        },
        "Tags": [
          {
            "Key": "Name",
            "Value": "WorkloadTestStack/Vpc/publicSubnet1",
          },
        ],
      },
      "Type": "AWS::EC2::NatGateway",
    },
    "VpcpublicSubnet1RouteTable15C15F8E": {
      "Properties": {
        "Tags": [
          {
            "Key": "Name",
            "Value": "WorkloadTestStack/Vpc/publicSubnet1",
          },
        ],
        "VpcId": {
          "Ref": "Vpc8378EB38",
        },
      },
      "Type": "AWS::EC2::RouteTable",
    },
    "VpcpublicSubnet1RouteTableAssociation4E83B6E4": {
      "Properties": {
        "RouteTableId": {
          "Ref": "VpcpublicSubnet1RouteTable15C15F8E",
        },
        "SubnetId": {
          "Ref": "VpcpublicSubnet1Subnet2BB74ED7",
        },
      },
      "Type": "AWS::EC2::SubnetRouteTableAssociation",
    },
    "VpcpublicSubnet1Subnet2BB74ED7": {
      "Properties": {
        "AvailabilityZone": "dummy1a",
        "CidrBlock": "10.0.0.0/24",
        "MapPublicIpOnLaunch": true,
        "Tags": [
          {
            "Key": "aws-cdk:subnet-name",
            "Value": "public",
          },
          {
            "Key": "aws-cdk:subnet-type",
            "Value": "Public",
          },
          {
            "Key": "Name",
            "Value": "WorkloadTestStack/Vpc/publicSubnet1",
          },
        ],
        "VpcId": {
          "Ref": "Vpc8378EB38",
        },
      },
      "Type": "AWS::EC2::Subnet",
    },
    "VpcpublicSubnet2DefaultRoute732F0BEB": {
      "DependsOn": [
        "VpcVPCGWBF912B6E",
      ],
      "Properties": {
        "DestinationCidrBlock": "0.0.0.0/0",
        "GatewayId": {
          "Ref": "VpcIGWD7BA715C",
        },
        "RouteTableId": {
          "Ref": "VpcpublicSubnet2RouteTableC5A6DF77",
        },
      },
      "Type": "AWS::EC2::Route",
    },
    "VpcpublicSubnet2RouteTableAssociationCCE257FF": {
      "Properties": {
        "RouteTableId": {
          "Ref": "VpcpublicSubnet2RouteTableC5A6DF77",
        },
        "SubnetId": {
          "Ref": "VpcpublicSubnet2SubnetE34B022A",
        },
      },
      "Type": "AWS::EC2::SubnetRouteTableAssociation",
    },
    "VpcpublicSubnet2RouteTableC5A6DF77": {
      "Properties": {
        "Tags": [
          {
            "Key": "Name",
            "Value": "WorkloadTestStack/Vpc/publicSubnet2",
          },
        ],
        "VpcId": {
          "Ref": "Vpc8378EB38",
        },
      },
      "Type": "AWS::EC2::RouteTable",
    },
    "VpcpublicSubnet2SubnetE34B022A": {
      "Properties": {
        "AvailabilityZone": "dummy1b",
        "CidrBlock": "10.0.1.0/24",
        "MapPublicIpOnLaunch": true,
        "Tags": [
          {
            "Key": "aws-cdk:subnet-name",
            "Value": "public",
          },
          {
            "Key": "aws-cdk:subnet-type",
            "Value": "Public",
          },
          {
            "Key": "Name",
            "Value": "WorkloadTestStack/Vpc/publicSubnet2",
          },
        ],
        "VpcId": {
          "Ref": "Vpc8378EB38",
        },
      },
      "Type": "AWS::EC2::Subnet",
    },
    "WildcardCertificate25A2E830": {
      "Properties": {
        "DomainName": "demosfelipetrindade.lat",
        "DomainValidationOptions": [
          {
            "DomainName": "demosfelipetrindade.lat",
            "HostedZoneId": "DUMMY",
          },
        ],
        "SubjectAlternativeNames": [
          "*.demosfelipetrindade.lat",
        ],
        "Tags": [
          {
            "Key": "Name",
            "Value": "WorkloadTestStack/WildcardCertificate",
          },
        ],
        "ValidationMethod": "DNS",
      },
      "Type": "AWS::CertificateManager::Certificate",
    },
  },
}
`;
